=======================================================
  SOL Grid Bot — Kraken  🟢 LIVE
  Pair          : SOLUSD
  Grid levels   : 4
  Grid spacing  : $3.0
  Per level     : $10.0
  Range         : $60.0 — $100.0
=======================================================
  [14:40:55] SOL price: $82.89

  [14:40:55] 📐 Setting up grid around $82.89
  Grid spacing: $3.0 | Levels: 4 | $10.0/level
  ✅ Order placed: {'txid': ['OFXJXC-5ZOBE-K5ZOVB'], 'descr': {'order': 'buy 0.12520 SOLUSD @ limit 79.89'}}
  ✅ Buy order #1: 0.1252 SOL @ $79.89 ($10.00)
  ✅ Order placed: {'txid': ['O5URSP-XSEEF-CDZGCA'], 'descr': {'order': 'buy 0.13010 SOLUSD @ limit 76.89'}}
  ✅ Buy order #2: 0.1301 SOL @ $76.89 ($10.00)
  ✅ Order placed: {'txid': ['OPZGVC-K3Z3W-UBH3Q4'], 'descr': {'order': 'buy 0.13530 SOLUSD @ limit 73.89'}}
  ✅ Buy order #3: 0.1353 SOL @ $73.89 ($10.00)
  ✅ Order placed: {'txid': ['OGZLHA-SXDBC-V2YZVE'], 'descr': {'order': 'buy 0.14110 SOLUSD @ limit 70.89'}}
  ✅ Buy order #4: 0.1411 SOL @ $70.89 ($10.00)
  [14:40:56] Grid live — 4 buy orders placed
  [14:41:27] SOL $82.81 | Grid: 4 buys / 0 sells | Profit: +$0.000 (0 fills)
  [14:41:57] SOL $82.77 | Grid: 4 buys / 0 sells | Profit: +$0.000 (0 fills)
  [14:42:27] SOL $82.79 | Grid: 4 buys / 0 sells | Profit: +$0.000 (0 fills)
  [14:42:58] SOL $82.78 | Grid: 4 buys / 0 sells | Profit: +$0.000 (0 fills)
  [14:43:28] SOL $82.73 | Grid: 4 buys / 0 sells | Profit: +$0.000 (0 fills)
  [14:43:58] SOL $82.75 | Grid: 4 buys / 0 sells | Profit: +$0.000 (0 fills)
  [14:44:28] SOL $82.80 | Grid: 4 buys / 0 sells | Profit: +$0.000 (0 fills)
  [14:44:59] SOL $82.80 | Grid: 4 buys / 0 sells | Profit: +$0.000 (0 fills)
  [14:45:29] SOL $82.82 | Grid: 4 buys / 0 sells | Profit: +$0.000 (0 fills)
  [14:45:59] SOL $82.75 | Grid: 4 buys / 0 sells | Profit: +$0.000 (0 fills)
  [14:46:29] SOL $82.70 | Grid: 4 buys / 0 sells | Profit: +$0.000 (0 fills)
  [14:46:59] SOL $82.79 | Grid: 4 buys / 0 sells | Profit: +$0.000 (0 fills)
  [14:47:30] SOL $82.75 | Grid: 4 buys / 0 sells | Profit: +$0.000 (0 fills)
  [14:48:00] SOL $82.81 | Grid: 4 buys / 0 sells | Profit: +$0.000 (0 fills)
  [14:48:30] SOL $82.86 | Grid: 4 buys / 0 sells | Profit: +$0.000 (0 fills)
  [14:49:00] SOL $82.86 | Grid: 4 buys / 0 sells | Profit: +$0.000 (0 fills)
  [14:49:31] SOL $82.87 | Grid: 4 buys / 0 sells | Profit: +$0.000 (0 fills)
  [14:50:01] SOL $82.89 | Grid: 4 buys / 0 sells | Profit: +$0.000 (0 fills)
  [14:50:31] SOL $82.95 | Grid: 4 buys / 0 sells | Profit: +$0.000 (0 fills)
  [14:51:01] SOL $83.02 | Grid: 4 buys / 0 sells | Profit: +$0.000 (0 fills)
  [14:51:32] SOL $82.96 | Grid: 4 buys / 0 sells | Profit: +$0.000 (0 fills)
  [14:52:02] SOL $83.01 | Grid: 4 buys / 0 sells | Profit: +$0.000 (0 fills)
  [14:52:32] SOL $83.00 | Grid: 4 buys / 0 sells | Profit: +$0.000 (0 fills)
  [14:53:02] SOL $83.03 | Grid: 4 buys / 0 sells | Profit: +$0.000 (0 fills)
  [14:53:33] SOL $83.03 | Grid: 4 buys / 0 sells | Profit: +$0.000 (0 fills)
  [14:54:03] SOL $82.97 | Grid: 4 buys / 0 sells | Profit: +$0.000 (0 fills)
  [14:54:33] SOL $82.97 | Grid: 4 buys / 0 sells | Profit: +$0.000 (0 fills)
  [14:55:03] SOL $82.93 | Grid: 4 buys / 0 sells | Profit: +$0.000 (0 fills)
  [14:55:33] SOL $82.94 | Grid: 4 buys / 0 sells | Profit: +$0.000 (0 fills)
  [14:56:04] SOL $82.99 | Grid: 4 buys / 0 sells | Profit: +$0.000 (0 fills)
  [14:56:34] SOL $83.04 | Grid: 4 buys / 0 sells | Profit: +$0.000 (0 fills)
  [14:57:04] SOL $83.04 | Grid: 4 buys / 0 sells | Profit: +$0.000 (0 fills)
  [14:57:34] SOL $83.01 | Grid: 4 buys / 0 sells | Profit: +$0.000 (0 fills)
  [14:58:05] SOL $83.07 | Grid: 4 buys / 0 sells | Profit: +$0.000 (0 fills)
  [14:58:35] SOL $83.13 | Grid: 4 buys / 0 sells | Profit: +$0.000 (0 fills)
  [14:59:05] SOL $83.11 | Grid: 4 buys / 0 sells | Profit: +$0.000 (0 fills)
  [14:59:35] SOL $83.13 | Grid: 4 buys / 0 sells | Profit: +$0.000 (0 fills)
  [15:00:06] SOL $83.14 | Grid: 4 buys / 0 sells | Profit: +$0.000 (0 fills)
  [15:00:36] SOL $83.15 | Grid: 4 buys / 0 sells | Profit: +$0.000 (0 fills)
  [15:01:06] SOL $83.19 | Grid: 4 buys / 0 sells | Profit: +$0.000 (0 fills)
  [15:01:36] SOL $83.18 | Grid: 4 buys / 0 sells | Profit: +$0.000 (0 fills)
  [15:02:07] SOL $83.19 | Grid: 4 buys / 0 sells | Profit: +$0.000 (0 fills)
  [15:02:37] SOL $83.20 | Grid: 4 buys / 0 sells | Profit: +$0.000 (0 fills)
  [15:03:07] SOL $83.19 | Grid: 4 buys / 0 sells | Profit: +$0.000 (0 fills)
  [15:03:37] SOL $83.22 | Grid: 4 buys / 0 sells | Profit: +$0.000 (0 fills)
  [15:04:07] SOL $83.23 | Grid: 4 buys / 0 sells | Profit: +$0.000 (0 fills)
  [15:04:38] SOL $83.22 | Grid: 4 buys / 0 sells | Profit: +$0.000 (0 fills)
  [15:05:08] SOL $83.19 | Grid: 4 buys / 0 sells | Profit: +$0.000 (0 fills)
  [15:05:38] SOL $83.14 | Grid: 4 buys / 0 sells | Profit: +$0.000 (0 fills)
  [15:06:08] SOL $83.23 | Grid: 4 buys / 0 sells | Profit: +$0.000 (0 fills)
  [15:06:39] SOL $83.23 | Grid: 4 buys / 0 sells | Profit: +$0.000 (0 fills)
  [15:07:09] SOL $83.17 | Grid: 4 buys / 0 sells | Profit: +$0.000 (0 fills)
  [15:07:39] SOL $83.15 | Grid: 4 buys / 0 sells | Profit: +$0.000 (0 fills)
  [15:08:09] SOL $83.21 | Grid: 4 buys / 0 sells | Profit: +$0.000 (0 fills)
  [15:08:39] SOL $83.25 | Grid: 4 buys / 0 sells | Profit: +$0.000 (0 fills)
  [15:09:10] SOL $83.26 | Grid: 4 buys / 0 sells | Profit: +$0.000 (0 fills)
  [15:09:40] SOL $83.25 | Grid: 4 buys / 0 sells | Profit: +$0.000 (0 fills)
  [15:10:10] SOL $83.33 | Grid: 4 buys / 0 sells | Profit: +$0.000 (0 fills)
  [15:10:40] SOL $83.34 | Grid: 4 buys / 0 sells | Profit: +$0.000 (0 fills)
  [15:11:11] SOL $83.32 | Grid: 4 buys / 0 sells | Profit: +$0.000 (0 fills)
  [15:11:41] SOL $83.30 | Grid: 4 buys / 0 sells | Profit: +$0.000 (0 fills)
  [15:12:11] SOL $83.26 | Grid: 4 buys / 0 sells | Profit: +$0.000 (0 fills)
  [15:12:41] SOL $83.21 | Grid: 4 buys / 0 sells | Profit: +$0.000 (0 fills)
  [15:13:11] SOL $83.20 | Grid: 4 buys / 0 sells | Profit: +$0.000 (0 fills)
  [15:13:42] SOL $83.17 | Grid: 4 buys / 0 sells | Profit: +$0.000 (0 fills)
  [15:14:12] SOL $83.19 | Grid: 4 buys / 0 sells | Profit: +$0.000 (0 fills)
  [15:14:42] SOL $83.15 | Grid: 4 buys / 0 sells | Profit: +$0.000 (0 fills)
  [15:15:12] SOL $83.13 | Grid: 4 buys / 0 sells | Profit: +$0.000 (0 fills)
  [15:15:43] SOL $83.11 | Grid: 4 buys / 0 sells | Profit: +$0.000 (0 fills)
  [15:16:13] SOL $83.13 | Grid: 4 buys / 0 sells | Profit: +$0.000 (0 fills)
  [15:16:43] SOL $83.15 | Grid: 4 buys / 0 sells | Profit: +$0.000 (0 fills)
  [15:17:13] SOL $83.19 | Grid: 4 buys / 0 sells | Profit: +$0.000 (0 fills)
  [15:17:44] SOL $83.17 | Grid: 4 buys / 0 sells | Profit: +$0.000 (0 fills)
  [15:18:14] SOL $83.17 | Grid: 4 buys / 0 sells | Profit: +$0.000 (0 fills)
  [15:18:44] SOL $83.18 | Grid: 4 buys / 0 sells | Profit: +$0.000 (0 fills)
  [15:19:14] SOL $83.16 | Grid: 4 buys / 0 sells | Profit: +$0.000 (0 fills)
  [15:19:45] SOL $83.18 | Grid: 4 buys / 0 sells | Profit: +$0.000 (0 fills)
  [15:20:15] SOL $83.07 | Grid: 4 buys / 0 sells | Profit: +$0.000 (0 fills)
  [15:20:45] SOL $83.07 | Grid: 4 buys / 0 sells | Profit: +$0.000 (0 fills)
  [15:21:15] SOL $83.00 | Grid: 4 buys / 0 sells | Profit: +$0.000 (0 fills)
  [15:21:45] SOL $83.01 | Grid: 4 buys / 0 sells | Profit: +$0.000 (0 fills)
  [15:22:16] SOL $83.05 | Grid: 4 buys / 0 sells | Profit: +$0.000 (0 fills)
  [15:22:46] SOL $83.02 | Grid: 4 buys / 0 sells | Profit: +$0.000 (0 fills)
  [15:23:16] SOL $82.97 | Grid: 4 buys / 0 sells | Profit: +$0.000 (0 fills)
  [15:23:46] SOL $83.03 | Grid: 4 buys / 0 sells | Profit: +$0.000 (0 fills)
  [15:24:17] SOL $83.42 | Grid: 4 buys / 0 sells | Profit: +$0.000 (0 fills)
  [15:24:47] SOL $83.26 | Grid: 4 buys / 0 sells | Profit: +$0.000 (0 fills)
  [15:25:17] SOL $83.19 | Grid: 4 buys / 0 sells | Profit: +$0.000 (0 fills)
  [15:25:47] SOL $83.19 | Grid: 4 buys / 0 sells | Profit: +$0.000 (0 fills)
  [15:26:17] SOL $83.29 | Grid: 4 buys / 0 sells | Profit: +$0.000 (0 fills)
  [15:26:48] SOL $83.31 | Grid: 4 buys / 0 sells | Profit: +$0.000 (0 fills)
  [15:27:18] SOL $83.36 | Grid: 4 buys / 0 sells | Profit: +$0.000 (0 fills)
  [15:27:48] SOL $83.40 | Grid: 4 buys / 0 sells | Profit: +$0.000 (0 fills)
  [15:28:18] SOL $83.36 | Grid: 4 buys / 0 sells | Profit: +$0.000 (0 fills)
  [15:28:49] SOL $83.36 | Grid: 4 buys / 0 sells | Profit: +$0.000 (0 fills)
  [15:29:19] SOL $83.42 | Grid: 4 buys / 0 sells | Profit: +$0.000 (0 fills)
  [15:29:49] SOL $83.45 | Grid: 4 buys / 0 sells | Profit: +$0.000 (0 fills)
  [15:30:19] SOL $83.46 | Grid: 4 buys / 0 sells | Profit: +$0.000 (0 fills)
